Modules list:
-------------
msbasic.o:
    ZEROPAGE          Offs=000000  Size=000078  Align=00001  Fill=0000
    VECTORS           Offs=000000  Size=000092  Align=00001  Fill=0000
    KEYWORDS          Offs=000000  Size=000100  Align=00001  Fill=0000
    DUMMY             Offs=000000  Size=00004C  Align=00001  Fill=0000
    ERROR             Offs=000000  Size=000024  Align=00001  Fill=0000
    BASCODE           Offs=000000  Size=001EA1  Align=00001  Fill=0000
    CHRGET            Offs=000000  Size=00001D  Align=00001  Fill=0000
    INIT              Offs=000000  Size=0000C1  Align=00001  Fill=0000
serial.o:
    EXTRA             Offs=000000  Size=00001F  Align=00001  Fill=0000


Segment list:
-------------
Name                   Start     End    Size  Align
----------------------------------------------------
DUMMY                 000000  00004B  00004C  00001
ZEROPAGE              000000  000077  000078  00001
VECTORS               005800  005891  000092  00001
KEYWORDS              005892  005991  000100  00001
ERROR                 005992  0059B5  000024  00001
BASCODE               0059B6  007856  001EA1  00001
CHRGET                007857  007873  00001D  00001
INIT                  007874  007934  0000C1  00001
EXTRA                 007935  007953  00001F  00001


Exports list by name:
---------------------
serial_getc_echo          00794D RLA    serial_putc               007935 RLA    



Exports list by value:
----------------------
serial_putc               007935 RLA    serial_getc_echo          00794D RLA    



Imports list:
-------------
serial_getc_echo (serial.o):
    msbasic.o                 msbasic.s(57)
serial_putc (serial.o):
    msbasic.o                 msbasic.s(56)

