Modules list:
-------------
main.o:
    INITCODE          Offs=000000  Size=0000CA  Align=00001  Fill=0000
    STAMP             Offs=000000  Size=00000A  Align=00001  Fill=0000
    RESETVECTORS      Offs=000000  Size=000006  Align=00001  Fill=0000
math2.o:
    OSCODE            Offs=000000  Size=000090  Align=00001  Fill=0000
math.o:
    WOZMATH           Offs=000000  Size=0000EC  Align=00001  Fill=0000
    WOZEXP            Offs=000000  Size=0000EC  Align=00001  Fill=0000
    WOZBASFL          Offs=000000  Size=0000EF  Align=00001  Fill=0000
xmodem.o:
    XMODEM            Offs=000000  Size=000165  Align=00001  Fill=0000
    XCRCLO            Offs=000000  Size=000100  Align=00001  Fill=0000
    XCRCHI            Offs=000000  Size=000100  Align=00001  Fill=0000
wozmon.o:
    WOZMON            Offs=000000  Size=0000F6  Align=00001  Fill=0000
msbasic.o:
    ZEROPAGE          Offs=000000  Size=000071  Align=00001  Fill=0000
    VECTORS           Offs=000000  Size=000090  Align=00001  Fill=0000
    KEYWORDS          Offs=000000  Size=0000FD  Align=00001  Fill=0000
    DUMMY             Offs=000000  Size=00004B  Align=00001  Fill=0000
    ERROR             Offs=000000  Size=000024  Align=00001  Fill=0000
    BASCODE           Offs=000000  Size=001CFA  Align=00001  Fill=0000
    CHRGET            Offs=000000  Size=00001C  Align=00001  Fill=0000
    INIT              Offs=000000  Size=0000E0  Align=00001  Fill=0000


Segment list:
-------------
Name                   Start     End    Size  Align
----------------------------------------------------
DUMMY                 000000  00004A  00004B  00001
ZEROPAGE              000000  000070  000071  00001
INITCODE              00C000  00C0C9  0000CA  00001
OSCODE                00C200  00C28F  000090  00001
VECTORS               00D000  00D08F  000090  00001
KEYWORDS              00D090  00D18C  0000FD  00001
ERROR                 00D18D  00D1B0  000024  00001
BASCODE               00D1B1  00EEAA  001CFA  00001
CHRGET                00EEAB  00EEC6  00001C  00001
INIT                  00EEC7  00EFA6  0000E0  00001
WOZMON                00F800  00F8F5  0000F6  00001
XMODEM                00F900  00FA64  000165  00001
XCRCLO                00FB00  00FBFF  000100  00001
XCRCHI                00FC00  00FCFF  000100  00001
WOZMATH               00FD00  00FDEB  0000EC  00001
WOZEXP                00FE00  00FEEB  0000EC  00001
WOZBASFL              00FF00  00FFEE  0000EF  00001
STAMP                 00FFF0  00FFF9  00000A  00001
RESETVECTORS          00FFFA  00FFFF  000006  00001


Exports list by name:
---------------------
serial_getc               00C049 RLA    serial_getc_echo          00C054 RLA    
serial_putc               00C03C RLA    wozmon_start              00F800 RLA    



Exports list by value:
----------------------
serial_putc               00C03C RLA    serial_getc               00C049 RLA    
serial_getc_echo          00C054 RLA    wozmon_start              00F800 RLA    



Imports list:
-------------
serial_getc (main.o):
    wozmon.o                  wozmon.s(29)
serial_getc_echo (main.o):
    msbasic.o                 msbasic.s(53)
serial_putc (main.o):
    msbasic.o                 msbasic.s(52)
    wozmon.o                  wozmon.s(30)
wozmon_start (wozmon.o):
    main.o                    main.s(10)

